python : Creating 
test database for 
alias 'default'...
At line:1 char:1
+ python manage.py 
test tasks > 
test_output.txt 2>&1
+ ~~~~~~~~~~~~~~~~~~~
~~~~~~~~~~~~~~~~~~~~~
~~~~~~~~~~
    + CategoryInfo   
           : NotSpe  
  cified: (Creatin   
 g test d...as 'd    
efault'...:Strin    
g) [], RemoteExc    
eption
    + FullyQualified 
   ErrorId : Native  
  CommandError
 

System check 
identified some 
issues:

WARNINGS:
tasks.Task: 
(models.W042) 
Auto-created primary 
key used when not 
defining a primary 
key type, by default 
'django.db.models.Aut
oField'.
	HINT: Configure the 
DEFAULT_AUTO_FIELD 
setting or the TasksC
onfig.default_auto_fi
eld attribute to 
point to a subclass 
of AutoField, e.g. 'd
jango.db.models.BigAu
toField'.

System check 
identified 1 issue 
(0 silenced).
F
=====================
=====================
=====================
=======
FAIL: 
test_create_task (tas
ks.tests.TaskAPITest.
test_create_task)
---------------------
---------------------
---------------------
-------
Traceback (most 
recent call last):
  File "C:\Users\FAHA
\Documents\project_ca
pstone\backend\tasks\
tests.py", line 16, 
in test_create_task
    self.assertEqual(
response.status_code,
 status.HTTP_201_CREA
TED)
    ~~~~~~~~~~~~~~~~^
^^^^^^^^^^^^^^^^^^^^^
^^^^^^^^^^^^^^^^^^^^^
^^^^
AssertionError: 400 
!= 201

---------------------
---------------------
---------------------
-------
Ran 1 test in 0.648s

FAILED (failures=1)
Destroying test 
database for alias 
'default'...

Found 1 test(s).
